[2026-08-03 14:48:09] 起動 v3: Yahoo=True 楽天=True Keepa=True
[2026-08-03 14:48:09] Finder条件: ランク3000-80000 出品者2-10 価格1000-10000円 目標ASIN計=4450
/Users/yukinori/Library/Python/3.9/lib/python/site-packages/urllib3/__init__.py:35: NotOpenSSLWarning: urllib3 v2 only supports OpenSSL 1.1.1+, currently the 'ssl' module is compiled with 'LibreSSL 2.8.3'. See: https://github.com/urllib3/urllib3/issues/3020
  warnings.warn(
[2026-08-03 14:48:35] [Finder] home_kitchen: 450件 (累計ASIN 450) tokensLeft=1092
[2026-08-03 14:48:57] [Finder] drugstore: 400件 (累計ASIN 850) tokensLeft=1004
[2026-08-03 14:49:18] [Finder] beauty: 349件 (累計ASIN 1199) tokensLeft=927
[2026-08-03 14:49:35] [Finder] food: 300件 (累計ASIN 1499) tokensLeft=881
[2026-08-03 14:49:54] [Finder] diy_tools: 350件 (累計ASIN 1849) tokensLeft=804
[2026-08-03 14:50:11] [Finder] pet: 299件 (累計ASIN 2148) tokensLeft=738
[2026-08-03 14:50:27] [Finder] toys: 300件 (累計ASIN 2448) tokensLeft=672
[2026-08-03 14:50:45] [Finder] hobby: 300件 (累計ASIN 2748) tokensLeft=626
[2026-08-03 14:50:59] [Finder] sports: 249件 (累計ASIN 2997) tokensLeft=571
[2026-08-03 14:51:13] [Finder] office: 250件 (累計ASIN 3247) tokensLeft=516
[2026-08-03 14:51:26] [Finder] baby: 250件 (累計ASIN 3497) tokensLeft=461
[2026-08-03 14:51:41] [Finder] appliances: 249件 (累計ASIN 3746) tokensLeft=426
[2026-08-03 14:51:52] [Finder] pc: 200件 (累計ASIN 3946) tokensLeft=382
[2026-08-03 14:52:07] [Finder] car: 200件 (累計ASIN 4146) tokensLeft=338
[2026-08-03 14:52:15] [Finder] instruments: 150件 (累計ASIN 4296) tokensLeft=305
[2026-08-03 14:52:24] [Finder] industrial: 150件 (累計ASIN 4446) tokensLeft=272
[2026-08-03 14:52:24] === Phase1完了: 条件合致ASIN 4446件 ===
[2026-08-03 14:52:45]   詳細 90/4446 取得 累計行=90 tokensLeft=182
[2026-08-03 14:53:00]   詳細 180/4446 取得 累計行=180 tokensLeft=112
[2026-08-03 14:53:01]   トークン補充待ち: left=112 need=120 → 24秒
[2026-08-03 14:53:27]   トークン補充待ち: left=112 need=120 → 24秒
[2026-08-03 14:54:13]   詳細 270/4446 取得 累計行=270 tokensLeft=42
[2026-08-03 14:54:15]   トークン補充待ち: left=42 need=120 → 234秒
[2026-08-03 14:58:17]   詳細 360/4446 取得 累計行=360 tokensLeft=32
[2026-08-03 14:58:18]   トークン補充待ち: left=32 need=120 → 264秒
[2026-08-03 15:02:49]   詳細 450/4446 取得 累計行=450 tokensLeft=42
[2026-08-03 15:02:51]   トークン補充待ち: left=42 need=120 → 234秒
[2026-08-03 15:06:57]   詳細 540/4446 取得 累計行=540 tokensLeft=32
[2026-08-03 15:06:59]   トークン補充待ち: left=32 need=120 → 264秒
[2026-08-03 15:11:24]   トークン補充待ち: left=112 need=120 → 24秒
[2026-08-03 15:12:10]   詳細 630/4446 取得 累計行=630 tokensLeft=42
[2026-08-03 15:12:11]   トークン補充待ち: left=42 need=120 → 234秒
[2026-08-03 15:16:27]   詳細 720/4446 取得 累計行=720 tokensLeft=32
[2026-08-03 15:16:29]   トークン補充待ち: left=32 need=120 → 264秒
[2026-08-03 15:21:15]   詳細 810/4446 取得 累計行=810 tokensLeft=42
[2026-08-03 15:21:16]   トークン補充待ち: left=42 need=120 → 234秒
[2026-08-03 15:25:38]   詳細 900/4446 取得 累計行=900 tokensLeft=32
[2026-08-03 15:25:40]   トークン補充待ち: left=32 need=120 → 264秒
[2026-08-03 15:30:19]   詳細 990/4446 取得 累計行=990 tokensLeft=42
[2026-08-03 15:30:21]   トークン補充待ち: left=42 need=120 → 234秒
[2026-08-03 15:34:38]   詳細 1080/4446 取得 累計行=1080 tokensLeft=32
[2026-08-03 15:34:40]   トークン補充待ち: left=32 need=120 → 264秒
[2026-08-03 15:39:26]   詳細 1170/4446 取得 累計行=1170 tokensLeft=42
[2026-08-03 15:39:28]   トークン補充待ち: left=42 need=120 → 234秒
[2026-08-03 15:44:01]   詳細 1260/4446 取得 累計行=1260 tokensLeft=32
[2026-08-03 15:44:03]   トークン補充待ち: left=52 need=120 → 204秒
[2026-08-03 15:47:28]   トークン補充待ち: left=112 need=120 → 24秒
[2026-08-03 15:48:05]   詳細 1350/4446 取得 累計行=1350 tokensLeft=42
[2026-08-03 15:48:07]   トークン補充待ち: left=42 need=120 → 234秒
[2026-08-03 15:52:24]   詳細 1440/4446 取得 累計行=1440 tokensLeft=32
[2026-08-03 15:52:26]   トークン補充待ち: left=32 need=120 → 264秒
[2026-08-03 15:57:12]   詳細 1530/4446 取得 累計行=1530 tokensLeft=42
[2026-08-03 15:57:14]   トークン補充待ち: left=42 need=120 → 234秒
[2026-08-03 16:01:44]   詳細 1620/4446 取得 累計行=1620 tokensLeft=32
[2026-08-03 16:01:45]   トークン補充待ち: left=32 need=120 → 264秒
[2026-08-03 16:06:31]   詳細 1710/4446 取得 累計行=1710 tokensLeft=42
[2026-08-03 16:06:33]   トークン補充待ち: left=42 need=120 → 234秒
[2026-08-03 16:10:46]   詳細 1800/4446 取得 累計行=1800 tokensLeft=32
[2026-08-03 16:10:48]   トークン補充待ち: left=32 need=120 → 264秒
[2026-08-03 16:15:50]   詳細 1890/4446 取得 累計行=1890 tokensLeft=42
[2026-08-03 16:15:52]   トークン補充待ち: left=42 need=120 → 234秒
[2026-08-03 16:20:08]   詳細 1980/4446 取得 累計行=1980 tokensLeft=32
[2026-08-03 16:20:10]   トークン補充待ち: left=52 need=120 → 204秒
[2026-08-03 16:23:35]   トークン補充待ち: left=112 need=120 → 24秒
[2026-08-03 16:24:21]   詳細 2070/4446 取得 累計行=2070 tokensLeft=42
[2026-08-03 16:24:22]   トークン補充待ち: left=42 need=120 → 234秒
[2026-08-03 16:28:37]   詳細 2160/4446 取得 累計行=2160 tokensLeft=32
[2026-08-03 16:28:39]   トークン補充待ち: left=32 need=120 → 264秒
[2026-08-03 16:33:28]   詳細 2250/4446 取得 累計行=2250 tokensLeft=42
[2026-08-03 16:33:30]   トークン補充待ち: left=42 need=120 → 234秒
[2026-08-03 16:37:53]   詳細 2340/4446 取得 累計行=2340 tokensLeft=32
[2026-08-03 16:37:55]   トークン補充待ち: left=32 need=120 → 264秒
[2026-08-03 16:42:53]   詳細 2430/4446 取得 累計行=2430 tokensLeft=42
[2026-08-03 16:42:55]   トークン補充待ち: left=42 need=120 → 234秒
[2026-08-03 16:47:07]   詳細 2520/4446 取得 累計行=2520 tokensLeft=32
[2026-08-03 16:47:09]   トークン補充待ち: left=52 need=120 → 204秒
[2026-08-03 16:50:34]   トークン補充待ち: left=112 need=120 → 24秒
[2026-08-03 16:50:59]   トークン補充待ち: left=112 need=120 → 24秒
[2026-08-03 16:51:53]   詳細 2610/4446 取得 累計行=2610 tokensLeft=42
[2026-08-03 16:51:54]   トークン補充待ち: left=42 need=120 → 234秒
[2026-08-03 16:56:08]   詳細 2700/4446 取得 累計行=2700 tokensLeft=32
[2026-08-03 16:56:10]   トークン補充待ち: left=52 need=120 → 204秒
[2026-08-03 16:59:36]   トークン補充待ち: left=112 need=120 → 24秒
[2026-08-03 17:00:01]   トークン補充待ち: left=112 need=120 → 24秒
[2026-08-03 17:00:51]   詳細 2790/4446 取得 累計行=2790 tokensLeft=42
[2026-08-03 17:00:52]   トークン補充待ち: left=42 need=120 → 234秒
[2026-08-03 17:05:04]   詳細 2880/4446 取得 累計行=2880 tokensLeft=32
[2026-08-03 17:05:05]   トークン補充待ち: left=52 need=120 → 204秒
[2026-08-03 17:08:31]   トークン補充待ち: left=112 need=120 → 24秒
[2026-08-03 17:08:56]   トークン補充待ち: left=112 need=120 → 24秒
[2026-08-03 17:09:40]   詳細 2970/4446 取得 累計行=2970 tokensLeft=42
[2026-08-03 17:09:42]   トークン補充待ち: left=42 need=120 → 234秒
[2026-08-03 17:13:56]   詳細 3060/4446 取得 累計行=3060 tokensLeft=32
[2026-08-03 17:13:58]   トークン補充待ち: left=32 need=120 → 264秒
[2026-08-03 17:18:43]   詳細 3150/4446 取得 累計行=3150 tokensLeft=42
[2026-08-03 17:18:45]   トークン補充待ち: left=42 need=120 → 234秒
[2026-08-03 17:23:05]   詳細 3240/4446 取得 累計行=3240 tokensLeft=32
[2026-08-03 17:23:07]   トークン補充待ち: left=52 need=120 → 204秒
[2026-08-03 17:26:32]   トークン補充待ち: left=112 need=120 → 24秒
[2026-08-03 17:26:58]   トークン補充待ち: left=112 need=120 → 24秒
[2026-08-03 17:27:42]   詳細 3330/4446 取得 累計行=3330 tokensLeft=42
[2026-08-03 17:27:43]   トークン補充待ち: left=42 need=120 → 234秒
[2026-08-03 17:32:04]   詳細 3420/4446 取得 累計行=3420 tokensLeft=32
[2026-08-03 17:32:06]   トークン補充待ち: left=32 need=120 → 264秒
[2026-08-03 17:36:49]   詳細 3510/4446 取得 累計行=3510 tokensLeft=42
[2026-08-03 17:36:51]   トークン補充待ち: left=42 need=120 → 234秒
[2026-08-03 17:41:01]   詳細 3600/4446 取得 累計行=3600 tokensLeft=32
[2026-08-03 17:41:02]   トークン補充待ち: left=32 need=120 → 264秒
[2026-08-03 17:45:40]   詳細 3690/4446 取得 累計行=3690 tokensLeft=42
[2026-08-03 17:45:41]   トークン補充待ち: left=42 need=120 → 234秒
[2026-08-03 17:49:58]   詳細 3780/4446 取得 累計行=3780 tokensLeft=32
[2026-08-03 17:49:59]   トークン補充待ち: left=32 need=120 → 264秒
[2026-08-03 17:54:43]   詳細 3870/4446 取得 累計行=3870 tokensLeft=42
[2026-08-03 17:54:44]   トークン補充待ち: left=42 need=120 → 234秒
[2026-08-03 17:58:56]   詳細 3960/4446 取得 累計行=3960 tokensLeft=32
[2026-08-03 17:58:58]   トークン補充待ち: left=32 need=120 → 264秒
[2026-08-03 18:03:37]   詳細 4050/4446 取得 累計行=4050 tokensLeft=42
[2026-08-03 18:03:39]   トークン補充待ち: left=42 need=120 → 234秒
[2026-08-03 18:07:54]   詳細 4140/4446 取得 累計行=4140 tokensLeft=32
[2026-08-03 18:07:55]   トークン補充待ち: left=32 need=120 → 264秒
[2026-08-03 18:12:50]   詳細 4230/4446 取得 累計行=4230 tokensLeft=42
[2026-08-03 18:12:51]   トークン補充待ち: left=42 need=120 → 234秒
[2026-08-03 18:17:08]   詳細 4320/4446 取得 累計行=4320 tokensLeft=32
[2026-08-03 18:17:09]   トークン補充待ち: left=32 need=120 → 264秒
[2026-08-03 18:21:52]   詳細 4410/4446 取得 累計行=4410 tokensLeft=42
[2026-08-03 18:21:54]   トークン補充待ち: left=42 need=120 → 234秒
[2026-08-03 18:25:59]   詳細 4446/4446 取得 累計行=4446 tokensLeft=86
[2026-08-03 18:25:59] === Phase2完了: リスト 4446行を確定・CSV出力済 ===
[2026-08-03 18:26:31]   逆引き 50/4446 | JAN有23 突合23 原石0 持続0
[2026-08-03 18:28:04]   逆引き 100/4446 | JAN有47 突合45 原石0 持続0
[2026-08-03 18:29:59]   逆引き 150/4446 | JAN有86 突合81 原石0 持続0
[2026-08-03 18:33:09]   逆引き 200/4446 | JAN有136 突合130 原石0 持続0
[2026-08-03 18:35:14]   逆引き 250/4446 | JAN有184 突合172 原石0 持続0
[2026-08-03 18:38:18]   逆引き 300/4446 | JAN有231 突合210 原石0 持続0
[2026-08-03 18:40:20]   逆引き 350/4446 | JAN有275 突合251 原石0 持続0
[2026-08-03 18:43:26]   逆引き 400/4446 | JAN有323 突合296 原石1 持続1
[2026-08-03 18:45:33]   逆引き 450/4446 | JAN有373 突合344 原石2 持続2
[2026-08-03 18:45:34]   逆引き 500/4446 | JAN有373 突合344 原石2 持続2
[2026-08-03 18:47:12]   逆引き 550/4446 | JAN有400 突合346 原石3 持続3
[2026-08-03 18:50:20]   逆引き 600/4446 | JAN有450 突合355 原石3 持続3
[2026-08-03 18:52:04]   逆引き 650/4446 | JAN有482 突合376 原石4 持続4
[2026-08-03 18:55:11]   逆引き 700/4446 | JAN有531 突合422 原石4 持続4
[2026-08-03 18:57:11]   逆引き 750/4446 | JAN有574 突合427 原石4 持続4
[2026-08-03 18:59:16]   逆引き 800/4446 | JAN有618 突合455 原石5 持続5
[2026-08-03 19:02:20]   逆引き 850/4446 | JAN有663 突合486 原石9 持続9
[2026-08-03 19:04:26]   逆引き 900/4446 | JAN有712 突合520 原石11 持続11
[2026-08-03 19:07:29]   逆引き 950/4446 | JAN有758 突合553 原石14 持続14
[2026-08-03 19:09:35]   逆引き 1000/4446 | JAN有806 突合595 原石16 持続16
[2026-08-03 19:12:41]   逆引き 1050/4446 | JAN有853 突合637 原石17 持続17
[2026-08-03 19:14:46]   逆引き 1100/4446 | JAN有900 突合679 原石18 持続18
[2026-08-03 19:17:49]   逆引き 1150/4446 | JAN有947 突合709 原石20 持続20
[2026-08-03 19:20:57]   逆引き 1200/4446 | JAN有995 突合751 原石21 持続21
[2026-08-03 19:22:56]   逆引き 1250/4446 | JAN有1038 突合790 原石27 持続27
[2026-08-03 19:24:48]   逆引き 1300/4446 | JAN有1076 突合827 原石31 持続30
[2026-08-03 19:26:34]   逆引き 1350/4446 | JAN有1108 突合856 原石35 持続34
[2026-08-03 19:29:36]   逆引き 1400/4446 | JAN有1153 突合898 原石40 持続39
[2026-08-03 19:31:38]   逆引き 1450/4446 | JAN有1199 突合940 原石43 持続42
[2026-08-03 19:33:34]   逆引き 1500/4446 | JAN有1239 突合978 原石49 持続48
[2026-08-03 19:36:40]   逆引き 1550/4446 | JAN有1287 突合1025 原石49 持続48
[2026-08-03 19:39:23]   逆引き 1600/4446 | JAN有1333 突合1070 原石49 持続48
[2026-08-03 19:41:49]   逆引き 1650/4446 | JAN有1382 突合1119 原石49 持続48
[2026-08-03 19:44:53]   逆引き 1700/4446 | JAN有1430 突合1164 原石50 持続49
[2026-08-03 19:46:40]   逆引き 1750/4446 | JAN有1464 突合1198 原石50 持続49
[2026-08-03 19:48:31]   逆引き 1800/4446 | JAN有1501 突合1235 原石50 持続49
[2026-08-03 19:50:31]   逆引き 1850/4446 | JAN有1545 突合1279 原石50 持続49
[2026-08-03 19:53:38]   逆引き 1900/4446 | JAN有1593 突合1321 原石53 持続52
[2026-08-03 19:55:37]   逆引き 1950/4446 | JAN有1635 突合1355 原石53 持続52
[2026-08-03 19:57:18]   逆引き 2000/4446 | JAN有1664 突合1373 原石55 持続54
[2026-08-03 20:00:22]   逆引き 2050/4446 | JAN有1711 突合1401 原石56 持続55
[2026-08-03 20:02:32]   逆引き 2100/4446 | JAN有1761 突合1418 原石56 持続55
[2026-08-03 20:05:39]   逆引き 2150/4446 | JAN有1809 突合1458 原石56 持続55
[2026-08-03 20:07:45]   逆引き 2200/4446 | JAN有1857 突合1503 原石59 持続58
[2026-08-03 20:10:52]   逆引き 2250/4446 | JAN有1906 突合1545 原石59 持続58
[2026-08-03 20:14:01]   逆引き 2300/4446 | JAN有1956 突合1592 原石59 持続58
[2026-08-03 20:16:08]   逆引き 2350/4446 | JAN有2004 突合1637 原石59 持続58
[2026-08-03 20:18:04]   逆引き 2400/4446 | JAN有2045 突合1677 原石62 持続61
[2026-08-03 20:21:09]   逆引き 2450/4446 | JAN有2092 突合1723 原石63 持続62
[2026-08-03 20:22:52]   逆引き 2500/4446 | JAN有2124 突合1751 原石63 持続62
[2026-08-03 20:24:46]   逆引き 2550/4446 | JAN有2163 突合1783 原石65 持続64
[2026-08-03 20:27:47]   逆引き 2600/4446 | JAN有2208 突合1813 原石65 持続64
[2026-08-03 20:29:56]   逆引き 2650/4446 | JAN有2258 突合1859 原石65 持続64
[2026-08-03 20:33:02]   逆引き 2700/4446 | JAN有2307 突合1895 原石65 持続64
[2026-08-03 20:34:45]   逆引き 2750/4446 | JAN有2339 突合1915 原石66 持続65
[2026-08-03 20:36:35]   逆引き 2800/4446 | JAN有2375 突合1942 原石68 持続67
[2026-08-03 20:38:31]   逆引き 2850/4446 | JAN有2417 突合1981 原石68 持続67
[2026-08-03 20:41:33]   逆引き 2900/4446 | JAN有2462 突合1998 原石68 持続67
[2026-08-03 20:43:39]   逆引き 2950/4446 | JAN有2512 突合2004 原石68 持続67
[2026-08-03 20:46:46]   逆引き 3000/4446 | JAN有2562 突合2011 原石68 持続67
[2026-08-03 20:49:53]   逆引き 3050/4446 | JAN有2610 突合2059 原石70 持続69
[2026-08-03 20:51:46]   逆引き 3100/4446 | JAN有2649 突合2097 原石71 持続70
[2026-08-03 20:53:41]   逆引き 3150/4446 | JAN有2689 突合2137 原石72 持続71
[2026-08-03 20:55:36]   逆引き 3200/4446 | JAN有2728 突合2176 原石73 持続72
[2026-08-03 20:58:25]   逆引き 3250/4446 | JAN有2764 突合2210 原石74 持続73
[2026-08-03 21:00:11]   逆引き 3300/4446 | JAN有2796 突合2233 原石74 持続73
[2026-08-03 21:01:58]   逆引き 3350/4446 | JAN有2829 突合2260 原石74 持続73
[2026-08-03 21:03:53]   逆引き 3400/4446 | JAN有2869 突合2293 原石74 持続73
[2026-08-03 21:05:54]   逆引き 3450/4446 | JAN有2913 突合2319 原石74 持続73
[2026-08-03 21:07:37]   逆引き 3500/4446 | JAN有2943 突合2335 原石74 持続73
[2026-08-03 21:08:44]   逆引き 3550/4446 | JAN有2948 突合2340 原石74 持続73
[2026-08-03 21:09:19]   逆引き 3600/4446 | JAN有2974 突合2358 原石74 持続73
[2026-08-03 21:10:59]   逆引き 3650/4446 | JAN有3003 突合2362 原石74 持続73
[2026-08-03 21:14:06]   逆引き 3700/4446 | JAN有3050 突合2390 原石74 持続73
[2026-08-03 21:16:08]   逆引き 3750/4446 | JAN有3095 突合2410 原石74 持続73
[2026-08-03 21:17:27]   逆引き 3800/4446 | JAN有3108 突合2422 原石74 持続73
[2026-08-03 21:19:07]   逆引き 3850/4446 | JAN有3138 突合2452 原石77 持続76
[2026-08-03 21:19:32]   逆引き 3900/4446 | JAN有3156 突合2468 原石80 持続79
[2026-08-03 21:22:38]   逆引き 3950/4446 | JAN有3204 突合2513 原石81 持続80
[2026-08-03 21:24:31]   逆引き 4000/4446 | JAN有3242 突合2550 原石81 持続80
[2026-08-03 21:24:35]   逆引き 4050/4446 | JAN有3245 突合2553 原石81 持続80
[2026-08-03 21:25:50]   逆引き 4100/4446 | JAN有3256 突合2564 原石81 持続80
[2026-08-03 21:27:36]   逆引き 4150/4446 | JAN有3289 突合2593 原石81 持続80
[2026-08-03 21:29:41]   逆引き 4200/4446 | JAN有3337 突合2636 原石81 持続80
[2026-08-03 21:32:41]   逆引き 4250/4446 | JAN有3381 突合2673 原石82 持続81
[2026-08-03 21:34:43]   逆引き 4300/4446 | JAN有3424 突合2706 原石83 持続82
[2026-08-03 21:36:23]   逆引き 4350/4446 | JAN有3452 突合2734 原石83 持続82
[2026-08-03 21:36:29]   逆引き 4400/4446 | JAN有3456 突合2738 原石83 持続82
[2026-08-03 21:37:51] === 完了 ===
[2026-08-03 21:37:51] {
  "ticket": "T-20260803-001",
  "method": "Amazon起点(Keepa Product Finder 16cat) → JAN逆引き(Yahoo+楽天) → 利益判定",
  "finder_filter": "rank3000-80000/offers2-10/price1000-10000",
  "criteria": "原石=率≥8%&利益≥300円 / 持続=+相乗り2-10&月販≥3",
  "asin_found": 4446,
  "list_rows": 4446,
  "has_jan": 3472,
  "supplier_matched": 2752,
  "gem_tier1": 83,
  "durable_tier2": 82,
  "match_rate_pct": 61.9,
  "by_category": {
    "home_kitchen": {
      "rows": 450,
      "matched": 344,
      "gem": 2
    },
    "drugstore": {
      "rows": 400,
      "matched": 142,
      "gem": 7
    },
    "beauty": {
      "rows": 349,
      "matched": 264,
      "gem": 12
    },
    "food": {
      "rows": 300,
      "matched": 227,
      "gem": 28
    },
    "diy_tools": {
      "rows": 350,
      "matched": 302,
      "gem": 1
    },
    "pet": {
      "rows": 299,
      "matched": 177,
      "gem": 6
    },
    "toys": {
      "rows": 300,
      "matched": 267,
      "gem": 7
    },
    "hobby": {
      "rows": 300,
      "matched": 191,
      "gem": 3
    },
    "sports": {
      "rows": 249,
      "matched": 94,
      "gem": 2
    },
    "office": {
      "rows": 250,
      "matched": 201,
      "gem": 6
    },
    "baby": {
      "rows": 250,
      "matched": 123,
      "gem": 0
    },
    "appliances": {
      "rows": 249,
      "matched": 74,
      "gem": 0
    },
    "pc": {
      "rows": 200,
      "matched": 103,
      "gem": 7
    },
    "car": {
      "rows": 200,
      "matched": 80,
      "gem": 0
    },
    "instruments": {
      "rows": 150,
      "matched": 116,
      "gem": 2
    },
    "industrial": {
      "rows": 150,
      "matched": 47,
      "gem": 0
    }
  },
  "tokens_left": 272,
  "finished_at": "2026-08-03 21:37:51"
}
