[2026-08-04 15:59:31] 起動: Keepa=True ランク50000-150000 価格1500-30000 目標ASIN計=5200 目標利益率25%
/Users/yukinori/Library/Python/3.9/lib/python/site-packages/urllib3/__init__.py:35: NotOpenSSLWarning: urllib3 v2 only supports OpenSSL 1.1.1+, currently the 'ssl' module is compiled with 'LibreSSL 2.8.3'. See: https://github.com/urllib3/urllib3/issues/3020
  warnings.warn(
[2026-08-04 15:59:54] [Finder] home_kitchen: 400件 (累計400) tokensLeft=1113
[2026-08-04 16:00:17] [Finder] office: 400件 (累計800) tokensLeft=1025
[2026-08-04 16:00:39] [Finder] pet: 400件 (累計1200) tokensLeft=937
[2026-08-04 16:01:01] [Finder] toys: 400件 (累計1600) tokensLeft=869
[2026-08-04 16:01:24] [Finder] sports: 399件 (累計1999) tokensLeft=781
[2026-08-04 16:01:47] [Finder] diy_tools: 400件 (累計2399) tokensLeft=713
[2026-08-04 16:02:09] [Finder] appliances: 399件 (累計2798) tokensLeft=625
[2026-08-04 16:02:32] [Finder] pc: 400件 (累計3198) tokensLeft=537
[2026-08-04 16:02:55] [Finder] baby: 400件 (累計3598) tokensLeft=469
[2026-08-04 16:03:19] [Finder] car: 400件 (累計3998) tokensLeft=381
[2026-08-04 16:03:43] [Finder] hobby: 400件 (累計4398) tokensLeft=293
[2026-08-04 16:04:05] [Finder] instruments: 400件 (累計4798) tokensLeft=225
[2026-08-04 16:04:29] [Finder] industrial: 399件 (累計5197) tokensLeft=137
[2026-08-04 16:04:29] === Phase1完了: 本体不在×競合2+×ランク帯 ASIN 5197件 ===
[2026-08-04 16:04:42]   詳細 90/5197 メーカー付与行=90 tokensLeft=47
[2026-08-04 16:04:43]   トークン補充待ち: left=47 need=120 → 219秒
[2026-08-04 16:08:45]   詳細 180/5197 メーカー付与行=180 tokensLeft=37
[2026-08-04 16:08:47]   トークン補充待ち: left=57 need=120 → 189秒
[2026-08-04 16:11:57]   トークン補充待ち: left=117 need=120 → 15秒
[2026-08-04 16:12:13]   トークン補充待ち: left=117 need=120 → 15秒
[2026-08-04 16:12:29]   トークン補充待ち: left=117 need=120 → 15秒
[2026-08-04 16:12:46]   トークン補充待ち: left=117 need=120 → 15秒
[2026-08-04 16:13:20]   詳細 270/5197 メーカー付与行=266 tokensLeft=47
[2026-08-04 16:13:22]   トークン補充待ち: left=47 need=120 → 219秒
[2026-08-04 16:17:27]   詳細 360/5197 メーカー付与行=355 tokensLeft=37
[2026-08-04 16:17:28]   トークン補充待ち: left=37 need=120 → 249秒
[2026-08-04 16:21:39]   トークン補充待ち: left=117 need=120 → 15秒
[2026-08-04 16:22:15]   詳細 450/5197 メーカー付与行=445 tokensLeft=47
[2026-08-04 16:22:17]   トークン補充待ち: left=47 need=120 → 219秒
[2026-08-04 16:26:23]   詳細 540/5197 メーカー付与行=535 tokensLeft=37
[2026-08-04 16:26:24]   トークン補充待ち: left=37 need=120 → 249秒
[2026-08-04 16:30:35]   トークン補充待ち: left=117 need=120 → 15秒
[2026-08-04 16:31:13]   詳細 630/5197 メーカー付与行=625 tokensLeft=47
[2026-08-04 16:31:14]   トークン補充待ち: left=47 need=120 → 219秒
[2026-08-04 16:35:16]   詳細 720/5197 メーカー付与行=715 tokensLeft=37
[2026-08-04 16:35:17]   トークン補充待ち: left=37 need=120 → 249秒
[2026-08-04 16:39:27]   トークン補充待ち: left=117 need=120 → 15秒
[2026-08-04 16:39:44]   トークン補充待ち: left=117 need=120 → 15秒
[2026-08-04 16:40:26]   詳細 810/5197 メーカー付与行=804 tokensLeft=47
[2026-08-04 16:40:28]   トークン補充待ち: left=47 need=120 → 219秒
[2026-08-04 16:44:36]   詳細 900/5197 メーカー付与行=893 tokensLeft=37
[2026-08-04 16:44:37]   トークン補充待ち: left=37 need=120 → 249秒
[2026-08-04 16:48:47]   トークン補充待ち: left=117 need=120 → 15秒
[2026-08-04 16:49:25]   詳細 990/5197 メーカー付与行=981 tokensLeft=47
[2026-08-04 16:49:26]   トークン補充待ち: left=47 need=120 → 219秒
[2026-08-04 16:53:18]   詳細 1080/5197 メーカー付与行=1067 tokensLeft=37
[2026-08-04 16:53:20]   トークン補充待ち: left=37 need=120 → 249秒
[2026-08-04 16:57:31]   トークン補充待ち: left=117 need=120 → 15秒
[2026-08-04 16:57:47]   トークン補充待ち: left=117 need=120 → 15秒
[2026-08-04 16:58:36]   詳細 1170/5197 メーカー付与行=1156 tokensLeft=47
[2026-08-04 16:58:38]   トークン補充待ち: left=47 need=120 → 219秒
[2026-08-04 17:02:42]   詳細 1260/5197 メーカー付与行=1246 tokensLeft=37
[2026-08-04 17:02:44]   トークン補充待ち: left=37 need=120 → 249秒
[2026-08-04 17:06:55]   トークン補充待ち: left=117 need=120 → 15秒
[2026-08-04 17:07:38]   詳細 1350/5197 メーカー付与行=1336 tokensLeft=47
[2026-08-04 17:07:40]   トークン補充待ち: left=47 need=120 → 219秒
[2026-08-04 17:11:34]   詳細 1440/5197 メーカー付与行=1425 tokensLeft=37
[2026-08-04 17:11:36]   トークン補充待ち: left=37 need=120 → 249秒
[2026-08-04 17:15:46]   トークン補充待ち: left=117 need=120 → 15秒
[2026-08-04 17:16:10]   詳細 1530/5197 メーカー付与行=1515 tokensLeft=47
[2026-08-04 17:16:11]   トークン補充待ち: left=47 need=120 → 219秒
[2026-08-04 17:19:52]   トークン補充待ち: left=107 need=120 → 39秒
[2026-08-04 17:20:54]   詳細 1620/5197 メーカー付与行=1605 tokensLeft=37
[2026-08-04 17:20:56]   トークン補充待ち: left=37 need=120 → 249秒
[2026-08-04 17:25:28]   詳細 1710/5197 メーカー付与行=1695 tokensLeft=47
[2026-08-04 17:25:30]   トークン補充待ち: left=47 need=120 → 219秒
[2026-08-04 17:29:26]   詳細 1800/5197 メーカー付与行=1782 tokensLeft=37
[2026-08-04 17:29:27]   トークン補充待ち: left=37 need=120 → 249秒
[2026-08-04 17:33:37]   トークン補充待ち: left=117 need=120 → 15秒
[2026-08-04 17:33:54]   トークン補充待ち: left=117 need=120 → 15秒
[2026-08-04 17:34:29]   詳細 1890/5197 メーカー付与行=1872 tokensLeft=47
[2026-08-04 17:34:31]   トークン補充待ち: left=47 need=120 → 219秒
[2026-08-04 17:38:29]   詳細 1980/5197 メーカー付与行=1962 tokensLeft=37
[2026-08-04 17:38:31]   トークン補充待ち: left=37 need=120 → 249秒
[2026-08-04 17:42:41]   トークン補充待ち: left=117 need=120 → 15秒
[2026-08-04 17:42:58]   トークン補充待ち: left=117 need=120 → 15秒
[2026-08-04 17:43:39]   詳細 2070/5197 メーカー付与行=2050 tokensLeft=47
[2026-08-04 17:43:40]   トークン補充待ち: left=47 need=120 → 219秒
[2026-08-04 17:47:44]   詳細 2160/5197 メーカー付与行=2140 tokensLeft=37
[2026-08-04 17:47:46]   トークン補充待ち: left=37 need=120 → 249秒
[2026-08-04 17:51:56]   トークン補充待ち: left=117 need=120 → 15秒
[2026-08-04 17:52:45]   詳細 2250/5197 メーカー付与行=2230 tokensLeft=47
[2026-08-04 17:52:47]   トークン補充待ち: left=47 need=120 → 219秒
[2026-08-04 17:56:46]   詳細 2340/5197 メーカー付与行=2320 tokensLeft=37
[2026-08-04 17:56:47]   トークン補充待ち: left=37 need=120 → 249秒
[2026-08-04 18:00:57]   トークン補充待ち: left=117 need=120 → 15秒
[2026-08-04 18:01:38]   詳細 2430/5197 メーカー付与行=2410 tokensLeft=47
[2026-08-04 18:01:40]   トークン補充待ち: left=47 need=120 → 219秒
[2026-08-04 18:05:37]   詳細 2520/5197 メーカー付与行=2499 tokensLeft=37
[2026-08-04 18:05:39]   トークン補充待ち: left=37 need=120 → 249秒
[2026-08-04 18:09:49]   トークン補充待ち: left=117 need=120 → 15秒
[2026-08-04 18:10:05]   トークン補充待ち: left=117 need=120 → 15秒
[2026-08-04 18:10:44]   詳細 2610/5197 メーカー付与行=2588 tokensLeft=47
[2026-08-04 18:10:45]   トークン補充待ち: left=47 need=120 → 219秒
[2026-08-04 18:14:39]   詳細 2700/5197 メーカー付与行=2677 tokensLeft=37
[2026-08-04 18:14:40]   トークン補充待ち: left=37 need=120 → 249秒
[2026-08-04 18:18:51]   トークン補充待ち: left=117 need=120 → 15秒
[2026-08-04 18:19:07]   トークン補充待ち: left=117 need=120 → 15秒
[2026-08-04 18:19:41]   詳細 2790/5197 メーカー付与行=2765 tokensLeft=47
[2026-08-04 18:19:43]   トークン補充待ち: left=47 need=120 → 219秒
[2026-08-04 18:23:44]   詳細 2880/5197 メーカー付与行=2851 tokensLeft=37
[2026-08-04 18:23:46]   トークン補充待ち: left=37 need=120 → 249秒
[2026-08-04 18:27:57]   トークン補充待ち: left=117 need=120 → 15秒
[2026-08-04 18:28:13]   トークン補充待ち: left=117 need=120 → 15秒
[2026-08-04 18:28:53]   詳細 2970/5197 メーカー付与行=2935 tokensLeft=47
[2026-08-04 18:28:55]   トークン補充待ち: left=47 need=120 → 219秒
[2026-08-04 18:33:00]   詳細 3060/5197 メーカー付与行=3021 tokensLeft=37
[2026-08-04 18:33:02]   トークン補充待ち: left=37 need=120 → 249秒
[2026-08-04 18:37:12]   トークン補充待ち: left=117 need=120 → 15秒
[2026-08-04 18:38:01]   詳細 3150/5197 メーカー付与行=3108 tokensLeft=47
[2026-08-04 18:38:03]   トークン補充待ち: left=47 need=120 → 219秒
[2026-08-04 18:42:07]   詳細 3240/5197 メーカー付与行=3198 tokensLeft=37
[2026-08-04 18:42:09]   トークン補充待ち: left=37 need=120 → 249秒
[2026-08-04 18:46:33]   詳細 3330/5197 メーカー付与行=3288 tokensLeft=47
[2026-08-04 18:46:35]   トークン補充待ち: left=47 need=120 → 219秒
[2026-08-04 18:50:15]   トークン補充待ち: left=107 need=120 → 39秒
[2026-08-04 18:51:05]   詳細 3420/5197 メーカー付与行=3378 tokensLeft=37
[2026-08-04 18:51:07]   トークン補充待ち: left=37 need=120 → 249秒
[2026-08-04 18:55:17]   トークン補充待ち: left=117 need=120 → 15秒
[2026-08-04 18:55:43]   詳細 3510/5197 メーカー付与行=3467 tokensLeft=47
[2026-08-04 18:55:45]   トークン補充待ち: left=47 need=120 → 219秒
[2026-08-04 18:59:37]   詳細 3600/5197 メーカー付与行=3557 tokensLeft=37
[2026-08-04 18:59:38]   トークン補充待ち: left=37 need=120 → 249秒
[2026-08-04 19:03:49]   トークン補充待ち: left=117 need=120 → 15秒
[2026-08-04 19:04:05]   トークン補充待ち: left=117 need=120 → 15秒
[2026-08-04 19:04:21]   トークン補充待ち: left=117 need=120 → 15秒
[2026-08-04 19:04:59]   詳細 3690/5197 メーカー付与行=3646 tokensLeft=47
[2026-08-04 19:05:01]   トークン補充待ち: left=47 need=120 → 219秒
[2026-08-04 19:08:58]   詳細 3780/5197 メーカー付与行=3736 tokensLeft=37
[2026-08-04 19:09:00]   トークン補充待ち: left=37 need=120 → 249秒
[2026-08-05 07:36:23] 起動: Keepa=True ランク50000-150000 価格1500-30000 目標ASIN計=5200 目標利益率25%
/Users/yukinori/Library/Python/3.9/lib/python/site-packages/urllib3/__init__.py:35: NotOpenSSLWarning: urllib3 v2 only supports OpenSSL 1.1.1+, currently the 'ssl' module is compiled with 'LibreSSL 2.8.3'. See: https://github.com/urllib3/urllib3/issues/3020
  warnings.warn(
[2026-08-05 07:36:47] [Finder] home_kitchen: 400件 (累計400) tokensLeft=1112
[2026-08-05 07:37:09] [Finder] office: 400件 (累計800) tokensLeft=1044
[2026-08-05 07:37:31] [Finder] pet: 400件 (累計1200) tokensLeft=956
[2026-08-05 07:37:53] [Finder] toys: 400件 (累計1600) tokensLeft=868
[2026-08-05 07:38:16] [Finder] sports: 400件 (累計2000) tokensLeft=800
[2026-08-05 07:38:37] [Finder] diy_tools: 400件 (累計2400) tokensLeft=712
[2026-08-05 07:39:00] [Finder] appliances: 400件 (累計2800) tokensLeft=644
[2026-08-05 07:39:22] [Finder] pc: 400件 (累計3200) tokensLeft=556
[2026-08-05 07:39:43] [Finder] baby: 400件 (累計3600) tokensLeft=468
[2026-08-05 07:40:05] [Finder] car: 400件 (累計4000) tokensLeft=400
[2026-08-05 07:40:29] [Finder] hobby: 400件 (累計4400) tokensLeft=312
[2026-08-05 07:40:51] [Finder] instruments: 400件 (累計4800) tokensLeft=224
[2026-08-05 07:41:14] [Finder] industrial: 400件 (累計5200) tokensLeft=156
[2026-08-05 07:41:14] === Phase1完了: 本体不在×競合2+×ランク帯 ASIN 5200件 ===
[2026-08-05 07:41:14] [resume] 既存 3736行を読込・処理済ASINをスキップ
[2026-08-05 07:41:14] === Phase2: 残り 4162件を処理（済3736） ===
[2026-08-05 07:41:39]   詳細 90/4162 メーカー付与行=3826 tokensLeft=66
[2026-08-05 07:41:41]   トークン補充待ち: left=66 need=120 → 162秒
[2026-08-05 07:44:42]   詳細 180/4162 メーカー付与行=3915 tokensLeft=36
[2026-08-05 07:44:43]   トークン補充待ち: left=36 need=120 → 252秒
[2026-08-05 07:48:57]   トークン補充待ち: left=116 need=120 → 15秒
[2026-08-05 07:49:34]   詳細 270/4162 メーカー付与行=4005 tokensLeft=46
[2026-08-05 07:49:35]   トークン補充待ち: left=46 need=120 → 222秒
[2026-08-05 07:53:40]   詳細 360/4162 メーカー付与行=4094 tokensLeft=36
[2026-08-05 07:53:41]   トークン補充待ち: left=36 need=120 → 252秒
[2026-08-05 07:57:55]   トークン補充待ち: left=116 need=120 → 15秒
[2026-08-05 07:58:28]   詳細 450/4162 メーカー付与行=4181 tokensLeft=46
[2026-08-05 07:58:29]   トークン補充待ち: left=46 need=120 → 222秒
[2026-08-05 08:02:33]   詳細 540/4162 メーカー付与行=4268 tokensLeft=36
[2026-08-05 08:02:35]   トークン補充待ち: left=36 need=120 → 252秒
[2026-08-05 08:06:48]   トークン補充待ち: left=116 need=120 → 15秒
[2026-08-05 08:07:20]   詳細 630/4162 メーカー付与行=4356 tokensLeft=46
[2026-08-05 08:07:22]   トークン補充待ち: left=46 need=120 → 222秒
[2026-08-05 08:11:17]   詳細 720/4162 メーカー付与行=4444 tokensLeft=36
[2026-08-05 08:11:18]   トークン補充待ち: left=36 need=120 → 252秒
[2026-08-05 08:15:31]   トークン補充待ち: left=116 need=120 → 15秒
[2026-08-05 08:15:48]   トークン補充待ち: left=116 need=120 → 15秒
[2026-08-05 08:16:20]   詳細 810/4162 メーカー付与行=4532 tokensLeft=46
[2026-08-05 08:16:21]   トークン補充待ち: left=46 need=120 → 222秒
[2026-08-05 08:20:22]   詳細 900/4162 メーカー付与行=4619 tokensLeft=36
[2026-08-05 08:20:23]   トークン補充待ち: left=36 need=120 → 252秒
[2026-08-05 08:24:36]   トークン補充待ち: left=116 need=120 → 15秒
[2026-08-05 08:24:53]   トークン補充待ち: left=116 need=120 → 15秒
[2026-08-05 08:25:36]   詳細 990/4162 メーカー付与行=4707 tokensLeft=46
[2026-08-05 08:25:37]   トークン補充待ち: left=46 need=120 → 222秒
[2026-08-05 08:29:36]   詳細 1080/4162 メーカー付与行=4797 tokensLeft=36
[2026-08-05 08:29:38]   トークン補充待ち: left=36 need=120 → 252秒
[2026-08-05 08:33:51]   トークン補充待ち: left=116 need=120 → 15秒
[2026-08-05 08:34:30]   詳細 1170/4162 メーカー付与行=4887 tokensLeft=46
[2026-08-05 08:34:31]   トークン補充待ち: left=46 need=120 → 222秒
[2026-08-05 08:38:32]   詳細 1260/4162 メーカー付与行=4976 tokensLeft=36
[2026-08-05 08:38:33]   トークン補充待ち: left=36 need=120 → 252秒
[2026-08-05 08:42:46]   トークン補充待ち: left=116 need=120 → 15秒
[2026-08-05 08:43:03]   トークン補充待ち: left=116 need=120 → 15秒
[2026-08-05 08:43:46]   詳細 1350/4162 メーカー付与行=5066 tokensLeft=46
[2026-08-05 08:43:48]   トークン補充待ち: left=46 need=120 → 222秒
[2026-08-05 08:47:52]   詳細 1440/4162 メーカー付与行=5156 tokensLeft=36
[2026-08-05 08:47:54]   トークン補充待ち: left=36 need=120 → 252秒
[2026-08-05 08:52:07]   トークン補充待ち: left=116 need=120 → 15秒
[2026-08-05 08:52:40]   詳細 1530/4162 メーカー付与行=5246 tokensLeft=46
[2026-08-05 08:52:42]   トークン補充待ち: left=46 need=120 → 222秒
[2026-08-05 08:56:51]   詳細 1620/4162 メーカー付与行=5333 tokensLeft=36
[2026-08-05 08:56:53]   トークン補充待ち: left=36 need=120 → 252秒
[2026-08-05 09:01:07]   トークン補充待ち: left=116 need=120 → 15秒
[2026-08-05 09:01:54]   詳細 1710/4162 メーカー付与行=5423 tokensLeft=46
[2026-08-05 09:01:56]   トークン補充待ち: left=46 need=120 → 222秒
[2026-08-05 09:05:58]   詳細 1800/4162 メーカー付与行=5513 tokensLeft=36
[2026-08-05 09:06:00]   トークン補充待ち: left=36 need=120 → 252秒
[2026-08-05 09:10:13]   トークン補充待ち: left=116 need=120 → 15秒
[2026-08-05 09:10:50]   詳細 1890/4162 メーカー付与行=5599 tokensLeft=46
[2026-08-05 09:10:52]   トークン補充待ち: left=46 need=120 → 222秒
[2026-08-05 09:15:01]   詳細 1980/4162 メーカー付与行=5682 tokensLeft=36
[2026-08-05 09:15:03]   トークン補充待ち: left=36 need=120 → 252秒
[2026-08-05 09:19:16]   トークン補充待ち: left=116 need=120 → 15秒
[2026-08-05 09:19:58]   詳細 2070/4162 メーカー付与行=5764 tokensLeft=46
[2026-08-05 09:20:00]   トークン補充待ち: left=46 need=120 → 222秒
[2026-08-05 09:23:55]   詳細 2160/4162 メーカー付与行=5851 tokensLeft=36
[2026-08-05 09:23:56]   トークン補充待ち: left=36 need=120 → 252秒
[2026-08-05 09:28:10]   トークン補充待ち: left=116 need=120 → 15秒
[2026-08-05 09:28:52]   詳細 2250/4162 メーカー付与行=5941 tokensLeft=46
[2026-08-05 09:28:54]   トークン補充待ち: left=46 need=120 → 222秒
[2026-08-05 09:33:06]   詳細 2340/4162 メーカー付与行=6029 tokensLeft=36
[2026-08-05 09:33:08]   トークン補充待ち: left=36 need=120 → 252秒
[2026-08-05 09:37:50]   詳細 2430/4162 メーカー付与行=6119 tokensLeft=46
[2026-08-05 09:37:52]   トークン補充待ち: left=46 need=120 → 222秒
[2026-08-05 09:42:06]   詳細 2520/4162 メーカー付与行=6206 tokensLeft=36
[2026-08-05 09:42:08]   トークン補充待ち: left=36 need=120 → 252秒
[2026-08-05 09:46:21]   トークン補充待ち: left=116 need=120 → 15秒
[2026-08-05 09:46:51]   詳細 2610/4162 メーカー付与行=6293 tokensLeft=46
[2026-08-05 09:46:53]   トークン補充待ち: left=46 need=120 → 222秒
[2026-08-05 09:51:22]   詳細 2700/4162 メーカー付与行=6383 tokensLeft=36
[2026-08-05 09:51:23]   トークン補充待ち: left=56 need=120 → 192秒
[2026-08-05 09:54:36]   トークン補充待ち: left=116 need=120 → 15秒
[2026-08-05 09:54:53]   トークン補充待ち: left=116 need=120 → 15秒
[2026-08-05 09:55:10]   トークン補充待ち: left=116 need=120 → 15秒
[2026-08-05 09:56:05]   詳細 2790/4162 メーカー付与行=6472 tokensLeft=46
[2026-08-05 09:56:07]   トークン補充待ち: left=46 need=120 → 222秒
[2026-08-05 10:00:09]   詳細 2880/4162 メーカー付与行=6562 tokensLeft=36
[2026-08-05 10:00:10]   トークン補充待ち: left=36 need=120 → 252秒
[2026-08-05 10:04:24]   トークン補充待ち: left=116 need=120 → 15秒
[2026-08-05 10:05:00]   詳細 2970/4162 メーカー付与行=6651 tokensLeft=46
[2026-08-05 10:05:02]   トークン補充待ち: left=46 need=120 → 222秒
[2026-08-05 10:08:56]   詳細 3060/4162 メーカー付与行=6741 tokensLeft=36
[2026-08-05 10:08:57]   トークン補充待ち: left=36 need=120 → 252秒
[2026-08-05 10:13:11]   トークン補充待ち: left=116 need=120 → 15秒
[2026-08-05 10:13:27]   トークン補充待ち: left=116 need=120 → 15秒
[2026-08-05 10:13:57]   詳細 3150/4162 メーカー付与行=6831 tokensLeft=46
[2026-08-05 10:13:58]   トークン補充待ち: left=46 need=120 → 222秒
[2026-08-05 10:17:54]   詳細 3240/4162 メーカー付与行=6921 tokensLeft=36
[2026-08-05 10:17:55]   トークン補充待ち: left=36 need=120 → 252秒
[2026-08-05 10:22:09]   トークン補充待ち: left=116 need=120 → 15秒
[2026-08-05 10:22:25]   トークン補充待ち: left=116 need=120 → 15秒
[2026-08-05 10:23:08]   詳細 3330/4162 メーカー付与行=7011 tokensLeft=46
[2026-08-05 10:23:09]   トークン補充待ち: left=46 need=120 → 222秒
[2026-08-05 10:27:25]   詳細 3420/4162 メーカー付与行=7100 tokensLeft=36
[2026-08-05 10:27:27]   トークン補充待ち: left=36 need=120 → 252秒
[2026-08-05 10:31:50]   詳細 3510/4162 メーカー付与行=7190 tokensLeft=46
[2026-08-05 10:31:51]   トークン補充待ち: left=46 need=120 → 222秒
[2026-08-05 10:36:00]   詳細 3600/4162 メーカー付与行=7280 tokensLeft=36
[2026-08-05 10:36:01]   トークン補充待ち: left=36 need=120 → 252秒
[2026-08-05 10:40:15]   トークン補充待ち: left=116 need=120 → 15秒
[2026-08-05 10:40:43]   詳細 3690/4162 メーカー付与行=7370 tokensLeft=46
[2026-08-05 10:40:44]   トークン補充待ち: left=46 need=120 → 222秒
[2026-08-05 10:44:28]   トークン補充待ち: left=106 need=120 → 42秒
[2026-08-05 10:45:35]   詳細 3780/4162 メーカー付与行=7460 tokensLeft=36
[2026-08-05 10:45:37]   トークン補充待ち: left=56 need=120 → 192秒
[2026-08-05 10:48:52]   トークン補充待ち: left=116 need=120 → 15秒
[2026-08-05 10:49:09]   トークン補充待ち: left=116 need=120 → 15秒
[2026-08-05 10:49:25]   トークン補充待ち: left=116 need=120 → 15秒
[2026-08-05 10:49:55]   詳細 3870/4162 メーカー付与行=7550 tokensLeft=46
[2026-08-05 10:49:57]   トークン補充待ち: left=46 need=120 → 222秒
[2026-08-05 10:53:54]   詳細 3960/4162 メーカー付与行=7640 tokensLeft=36
[2026-08-05 10:53:56]   トークン補充待ち: left=36 need=120 → 252秒
[2026-08-05 10:58:09]   トークン補充待ち: left=116 need=120 → 15秒
[2026-08-05 10:58:25]   トークン補充待ち: left=116 need=120 → 15秒
[2026-08-05 10:58:50]   詳細 4050/4162 メーカー付与行=7730 tokensLeft=46
[2026-08-05 10:58:52]   トークン補充待ち: left=46 need=120 → 222秒
[2026-08-05 11:02:35]   トークン補充待ち: left=106 need=120 → 42秒
[2026-08-05 11:03:24]   詳細 4140/4162 メーカー付与行=7818 tokensLeft=36
[2026-08-05 11:03:26]   トークン補充待ち: left=36 need=120 → 252秒
[2026-08-05 11:07:49]   詳細 4162/4162 メーカー付与行=7840 tokensLeft=114
[2026-08-05 11:07:49] === Phase A 完了 ===
[2026-08-05 11:07:49] {
  "ticket": "T-20260804-001",
  "method": "Keepa Finder(本体不在×競合2+×ランク5万-15万・13カテゴリ) → brand/manufacturer直読み → 想定仕入価格逆算 → メーカー名寄せ",
  "criteria": "①Amazon本体不在 ②FBAライバル≥2 ③ランク50000-150000 / 想定仕入価格=純利益率25%の税込上限(手数料+FBA+納品送料+外注100円計上)",
  "asin_found": 5200,
  "product_rows": 7840,
  "criteria_ok_rows": 7764,
  "unique_makers": 3282,
  "makers_criteria_ok": 3252,
  "chusho_makers": 3181,
  "tokens_left": 156,
  "finished_at": "2026-08-05 11:07:49"
}
