[2026-08-21 16:38:09] === v1.3 実走開始 tokensLeft=1175 目標 A=200 B=100 ===
[2026-08-21 16:38:12]   [Finder A] page=0 取得=1000 累計=1000 該当総数=7937 tokensLeft=1155
[2026-08-21 16:38:12] [Finder A] 確定 200件（該当総数 7937）
[2026-08-21 16:38:15]   [Finder B] page=0 取得=1000 累計=1000 該当総数=4104 tokensLeft=1135
[2026-08-21 16:38:16] [Finder B] 確定 100件（該当総数 4104）
[2026-08-21 16:38:16] === Phase2: 詳細取得 300件（1件=1トークン）===
[2026-08-21 16:38:36]   [A] 100/200 行=100 GO累計=94 tokensLeft=1035
[2026-08-21 16:39:05]   [A] 200/200 行=200 GO累計=185 tokensLeft=935
[2026-08-21 16:39:38]   [B] 100/100 行=300 GO累計=260 tokensLeft=855
[2026-08-21 16:39:40] === 完了 ===
[2026-08-21 16:39:40] {"detail_fetched": 300, "rows_written": 300, "go": 260, "top100_written": 100}
[2026-08-21 16:40:58] === --from-raw: 保存済み raw JSON から再集計（トークン消費0）===
[2026-08-21 16:40:59] 再集計完了: 300行 / GO 260件 / top100 100件
[2026-08-21 16:41:11] === v1.3 実走開始 tokensLeft=895 目標 A=2500 B=1500 ===
[2026-08-21 16:41:13]   [Finder A] page=0 取得=1000 累計=1000 該当総数=7933 tokensLeft=875
[2026-08-21 16:41:16]   [Finder A] page=1 取得=1000 累計=2000 該当総数=7933 tokensLeft=855
[2026-08-21 16:41:20]   [Finder A] page=2 取得=1000 累計=3000 該当総数=7933 tokensLeft=835
[2026-08-21 16:41:20] [Finder A] 確定 2500件（該当総数 7933）
[2026-08-21 16:41:23]   [Finder B] page=0 取得=1000 累計=1000 該当総数=4095 tokensLeft=815
[2026-08-21 16:41:27]   [Finder B] page=1 取得=1000 累計=2000 該当総数=4095 tokensLeft=795
[2026-08-21 16:41:28] [Finder B] 確定 1500件（該当総数 4095）
[2026-08-21 16:41:28] [resume] 既存 CSV の 300件をスキップ
[2026-08-21 16:41:28] === Phase2: 詳細取得 3702件（1件=1トークン）===
[2026-08-21 16:41:47]   [A] 100/2300 行=100 GO累計=90 tokensLeft=695
[2026-08-21 16:42:01]   [A] 200/2300 行=200 GO累計=178 tokensLeft=595
[2026-08-21 16:42:33]   [A] 300/2300 行=300 GO累計=262 tokensLeft=515
[2026-08-21 16:42:47]   [A] 400/2300 行=400 GO累計=348 tokensLeft=415
[2026-08-21 16:43:02]   [A] 500/2300 行=500 GO累計=428 tokensLeft=315
[2026-08-21 16:43:24]   [A] 600/2300 行=600 GO累計=510 tokensLeft=235
[2026-08-21 16:44:08]   [A] 700/2300 行=700 GO累計=589 tokensLeft=135
[2026-08-21 16:44:29]   [A] 800/2300 行=800 GO累計=668 tokensLeft=55
[2026-08-21 16:44:31]   トークン補充待ち: left=55 need=150 → 285秒
[2026-08-21 16:49:48]   [A] 900/2300 行=900 GO累計=748 tokensLeft=55
[2026-08-21 16:49:50]   トークン補充待ち: left=55 need=150 → 285秒
[2026-08-21 16:55:03]   [A] 1000/2300 行=1000 GO累計=822 tokensLeft=55
[2026-08-21 16:55:04]   トークン補充待ち: left=75 need=150 → 225秒
[2026-08-21 16:58:50]   トークン補充待ち: left=135 need=150 → 45秒
[2026-08-21 16:59:51]   [A] 1100/2300 行=1100 GO累計=905 tokensLeft=55
[2026-08-21 16:59:52]   トークン補充待ち: left=55 need=150 → 285秒
[2026-08-21 17:05:05]   [A] 1200/2300 行=1200 GO累計=978 tokensLeft=55
[2026-08-21 17:05:06]   トークン補充待ち: left=75 need=150 → 225秒
[2026-08-21 17:08:52]   トークン補充待ち: left=135 need=150 → 45秒
[2026-08-21 17:10:00]   [A] 1300/2300 行=1300 GO累計=1046 tokensLeft=55
[2026-08-21 17:10:01]   トークン補充待ち: left=55 need=150 → 285秒
[2026-08-21 17:15:16]   [A] 1400/2300 行=1400 GO累計=1116 tokensLeft=55
[2026-08-21 17:15:17]   トークン補充待ち: left=75 need=150 → 225秒
[2026-08-21 17:19:04]   トークン補充待ち: left=135 need=150 → 45秒
[2026-08-21 17:20:08]   [A] 1500/2300 行=1500 GO累計=1193 tokensLeft=55
[2026-08-21 17:20:09]   トークン補充待ち: left=75 need=150 → 225秒
[2026-08-21 17:23:56]   トークン補充待ち: left=135 need=150 → 45秒
[2026-08-21 17:25:10]   [A] 1600/2300 行=1600 GO累計=1262 tokensLeft=55
[2026-08-21 17:25:12]   トークン補充待ち: left=75 need=150 → 225秒
[2026-08-21 17:28:58]   トークン補充待ち: left=135 need=150 → 45秒
[2026-08-21 17:30:12]   [A] 1700/2300 行=1700 GO累計=1334 tokensLeft=55
[2026-08-21 17:30:14]   トークン補充待ち: left=75 need=150 → 225秒
[2026-08-21 17:34:00]   トークン補充待ち: left=135 need=150 → 45秒
[2026-08-21 17:35:07]   [A] 1800/2300 行=1800 GO累計=1399 tokensLeft=55
[2026-08-21 17:35:09]   トークン補充待ち: left=55 need=150 → 285秒
[2026-08-21 17:40:13]   [A] 1900/2300 行=1900 GO累計=1461 tokensLeft=55
[2026-08-21 17:40:14]   トークン補充待ち: left=75 need=150 → 225秒
[2026-08-21 17:44:01]   トークン補充待ち: left=135 need=150 → 45秒
[2026-08-21 17:45:19]   [A] 2000/2300 行=2000 GO累計=1521 tokensLeft=55
[2026-08-21 17:45:21]   トークン補充待ち: left=75 need=150 → 225秒
[2026-08-21 17:49:07]   トークン補充待ち: left=135 need=150 → 45秒
[2026-08-21 17:50:20]   [A] 2100/2300 行=2100 GO累計=1580 tokensLeft=55
[2026-08-21 17:50:22]   トークン補充待ち: left=75 need=150 → 225秒
[2026-08-21 17:54:08]   トークン補充待ち: left=135 need=150 → 45秒
[2026-08-21 17:55:11]   [A] 2200/2300 行=2200 GO累計=1643 tokensLeft=55
[2026-08-21 17:55:13]   トークン補充待ち: left=55 need=150 → 285秒
[2026-08-21 18:00:24]   [A] 2300/2300 行=2300 GO累計=1708 tokensLeft=55
[2026-08-21 18:00:25]   トークン補充待ち: left=75 need=150 → 225秒
[2026-08-21 18:04:11]   トークン補充待ち: left=135 need=150 → 45秒
[2026-08-21 18:05:27]   [B] 100/1402 行=2400 GO累計=1767 tokensLeft=55
[2026-08-21 18:05:28]   トークン補充待ち: left=75 need=150 → 225秒
[2026-08-21 18:09:14]   トークン補充待ち: left=135 need=150 → 45秒
[2026-08-21 18:10:33]   [B] 200/1402 行=2500 GO累計=1809 tokensLeft=55
[2026-08-21 18:10:34]   トークン補充待ち: left=75 need=150 → 225秒
[2026-08-21 18:14:48]   [B] 300/1402 行=2600 GO累計=1858 tokensLeft=55
[2026-08-21 18:14:50]   トークン補充待ち: left=55 need=150 → 285秒
[2026-08-21 18:19:58]   [B] 400/1402 行=2700 GO累計=1906 tokensLeft=55
[2026-08-21 18:19:59]   トークン補充待ち: left=55 need=150 → 285秒
[2026-08-21 18:25:12]   [B] 500/1402 行=2800 GO累計=1958 tokensLeft=55
[2026-08-21 18:25:14]   トークン補充待ち: left=55 need=150 → 285秒
[2026-08-21 18:30:27]   [B] 600/1402 行=2900 GO累計=1984 tokensLeft=55
[2026-08-21 18:30:28]   トークン補充待ち: left=75 need=150 → 225秒
[2026-08-21 18:34:15]   トークン補充待ち: left=135 need=150 → 45秒
[2026-08-21 18:35:27]   [B] 700/1402 行=3000 GO累計=2015 tokensLeft=55
[2026-08-21 18:35:29]   トークン補充待ち: left=75 need=150 → 225秒
[2026-08-21 18:39:15]   トークン補充待ち: left=135 need=150 → 45秒
[2026-08-21 18:40:17]   [B] 800/1402 行=3100 GO累計=2038 tokensLeft=55
[2026-08-21 18:40:18]   トークン補充待ち: left=55 need=150 → 285秒
[2026-08-21 18:45:45]   [B] 900/1402 行=3200 GO累計=2069 tokensLeft=55
[2026-08-21 18:45:46]   トークン補充待ち: left=75 need=150 → 225秒
[2026-08-21 18:50:00]   [B] 1000/1402 行=3300 GO累計=2095 tokensLeft=55
[2026-08-21 18:50:02]   トークン補充待ち: left=55 need=150 → 285秒
[2026-08-21 18:55:04]   [B] 1100/1402 行=3400 GO累計=2127 tokensLeft=55
[2026-08-21 18:55:06]   トークン補充待ち: left=55 need=150 → 285秒
[2026-08-21 19:00:22]   [B] 1200/1402 行=3500 GO累計=2158 tokensLeft=55
[2026-08-21 19:00:24]   トークン補充待ち: left=55 need=150 → 285秒
[2026-08-21 19:05:32]   [B] 1300/1402 行=3600 GO累計=2192 tokensLeft=55
[2026-08-21 19:05:34]   トークン補充待ち: left=75 need=150 → 225秒
[2026-08-21 19:09:20]   トークン補充待ち: left=135 need=150 → 45秒
[2026-08-21 19:10:31]   [B] 1400/1402 行=3700 GO累計=2219 tokensLeft=55
[2026-08-21 19:10:32]   トークン補充待ち: left=75 need=150 → 225秒
[2026-08-21 19:14:18]   トークン補充待ち: left=135 need=150 → 45秒
[2026-08-21 19:15:08]   [B] 1402/1402 行=3702 GO累計=2219 tokensLeft=153
[2026-08-21 19:15:09] === 完了 ===
[2026-08-21 19:15:09] {"detail_fetched": 3702, "rows_written": 4002, "go": 2479, "top100_written": 100}
[2026-08-24 00:33:06] === Phase2.5: 実セラー数の確定 GO=2479件 ／ 取得済み=250件 ／ 今回取得=100件 ===
[2026-08-24 00:33:07]   トークン補充待ち: left=58 need=90 → 96秒
[2026-08-24 00:34:54]   offers 10/100 consumed=60 tokensLeft=38
[2026-08-24 00:34:55]   トークン補充待ち: left=38 need=90 → 156秒
[2026-08-24 00:37:43]   offers 20/100 consumed=50 tokensLeft=46
[2026-08-24 00:37:44]   トークン補充待ち: left=46 need=90 → 132秒
[2026-08-24 00:39:57]   トークン補充待ち: left=86 need=90 → 15秒
[2026-08-24 00:40:13]   トークン補充待ち: left=86 need=90 → 15秒
[2026-08-24 00:40:41]   offers 30/100 consumed=60 tokensLeft=46
[2026-08-24 00:40:42]   トークン補充待ち: left=46 need=90 → 132秒
[2026-08-24 00:42:55]   トークン補充待ち: left=86 need=90 → 15秒
[2026-08-24 00:43:12]   トークン補充待ち: left=86 need=90 → 15秒
[2026-08-24 00:43:40]   offers 40/100 consumed=66 tokensLeft=40
[2026-08-24 00:43:42]   トークン補充待ち: left=40 need=90 → 150秒
[2026-08-24 00:46:13]   トークン補充待ち: left=80 need=90 → 30秒
[2026-08-24 00:46:59]   offers 50/100 consumed=58 tokensLeft=42
[2026-08-24 00:47:01]   トークン補充待ち: left=42 need=90 → 144秒
[2026-08-24 00:49:36]   offers 60/100 consumed=59 tokensLeft=43
[2026-08-24 00:49:38]   トークン補充待ち: left=43 need=90 → 141秒
[2026-08-24 00:52:00]   トークン補充待ち: left=83 need=90 → 21秒
[2026-08-24 00:52:22]   トークン補充待ち: left=83 need=90 → 21秒
[2026-08-24 00:52:59]   offers 70/100 consumed=60 tokensLeft=43
[2026-08-24 00:53:00]   トークン補充待ち: left=43 need=90 → 141秒
[2026-08-24 00:55:23]   トークン補充待ち: left=83 need=90 → 21秒
[2026-08-24 00:55:56]   offers 80/100 consumed=59 tokensLeft=44
[2026-08-24 00:55:58]   トークン補充待ち: left=44 need=90 → 138秒
[2026-08-24 00:58:17]   トークン補充待ち: left=84 need=90 → 18秒
[2026-08-24 00:58:48]   offers 90/100 consumed=55 tokensLeft=49
[2026-08-24 00:58:49]   トークン補充待ち: left=49 need=90 → 123秒
[2026-08-24 01:00:53]   トークン補充待ち: left=89 need=90 → 15秒
[2026-08-24 01:01:10]   トークン補充待ち: left=89 need=90 → 15秒
[2026-08-24 01:02:16]   offers 100/100 consumed=59 tokensLeft=50
[2026-08-24 01:02:17]   セラー名を取得: 528件（1トークン/件・既知 0件はスキップ）
[2026-08-24 01:02:18]   トークン補充待ち: left=50 need=120 → 210秒
[2026-08-24 01:05:58]   トークン補充待ち: left=30 need=120 → 270秒
[2026-08-24 01:10:36]   トークン補充待ち: left=30 need=120 → 270秒
[2026-08-24 01:15:07]   トークン補充待ち: left=110 need=120 → 30秒
[2026-08-24 01:15:46]   トークン補充待ち: left=30 need=120 → 270秒
[2026-08-24 01:20:18]   トークン補充待ち: left=110 need=120 → 30秒
[2026-08-24 01:20:53]   トークン補充待ち: left=30 need=120 → 270秒
[2026-08-24 01:25:24]   トークン補充待ち: left=110 need=120 → 30秒
[2026-08-24 01:26:00]   トークン補充待ち: left=30 need=48 → 54秒
[2026-08-24 01:26:58]   実セラー確定=350件 / 実セラー<2で落選=137件 / 上限超過=1件 / メーカー直販独占=51件
[2026-08-24 01:26:58] 実セラー検証後: GO 2341件 / top100 100件 ／ 実セラー確定済みGO 212件 / clean top100 100件
[2026-08-24 01:30:07] === --from-raw: 保存済み raw JSON から再集計（トークン消費0）===
[2026-08-24 01:30:10]   実セラー情報を 350 件ぶん反映します（raw_offers/ より・トークン0）
[2026-08-24 01:30:41] 再集計完了: 4002行 / GO 2387件 / top100 100件
[2026-08-24 01:31:44] === Phase2.5: 実セラー数の確定 GO=2387件 ／ 取得済み=350件 ／ 今回取得=5件 ===
[2026-08-24 01:31:46]   トークン補充待ち: left=89 need=90 → 15秒
[2026-08-24 01:32:02]   トークン補充待ち: left=89 need=90 → 15秒
[2026-08-24 01:32:18]   トークン補充待ち: left=89 need=90 → 15秒
[2026-08-24 01:32:52]   offers 5/5 consumed=24 tokensLeft=85
[2026-08-24 01:32:52]   セラー名を取得: 4件（1トークン/件・既知 528件はスキップ）
[2026-08-24 01:32:57]   実セラー確定=355件 / 実セラー<2で落選=141件 / 上限超過=1件 / メーカー直販独占=53件
[2026-08-24 01:32:57] === --from-raw: 保存済み raw JSON から再集計（トークン消費0）===
[2026-08-24 01:33:00]   実セラー情報を 355 件ぶん反映します（raw_offers/ より・トークン0）
[2026-08-24 01:33:29] 再集計完了: 4002行 / GO 2383件 / top100 100件
[2026-08-24 01:33:30] 実セラー検証後: GO 2383件 / top100 100件 ／ 実セラー確定済みGO 209件 / clean top100 100件
